Tracing for MyObj
  <- java.lang.String(java.lang.String) on Test2.java:14
  -> Test.identity(java.lang.Object) on Test2.java:16
  <- Test.identity(java.lang.Object) on Test2.java:16
  -> java.util.Map.put(java.lang.Object,java.lang.Object) on Test2.java:17
  <- java.util.Map.get(java.lang.Object) on Test2.java:18
  -> ist.meic.pa.Trace.print(java.lang.Object) on Test2.java:20
MyObj
Tracing for MyObj
  <- java.lang.String(java.lang.String) on Test2.java:14
  -> Test.identity(java.lang.Object) on Test2.java:16
  <- Test.identity(java.lang.Object) on Test2.java:16
  -> java.util.Map.put(java.lang.Object,java.lang.Object) on Test2.java:17
  <- java.util.Map.get(java.lang.Object) on Test2.java:18
  -> ist.meic.pa.Trace.print(java.lang.Object) on Test2.java:20
  <- java.util.Iterator.next() on Test2.java:22
  -> java.io.PrintStream.println(java.lang.Object) on Test2.java:23
  -> ist.meic.pa.Trace.print(java.lang.Object) on Test2.java:26
